// Jest Snapshot v1, https://goo.gl/fbAQLP

exports[`<TextField /> Check the render of erros 1`] = `
.c6 {
  display: inline-block;
  vertical-align: middle;
  overflow: hidden;
}

.c8 {
  color: #030517;
  font-family: Poppins,-apple-system,BlinkMacSystemFont,'Segoe UI',Roboto,Oxygen,Ubuntu,Cantarell,'Open Sans','Helvetica Neue',sans-serif;
  font-size: 1.6rem;
  padding: 0.8rem;
  background: transparent;
  border: 0;
  outline: none;
  width: 100%;
}

.c2 {
  font-size: 1.6rem;
  color: #030517;
  cursor: pointer;
  display: block;
  margin-bottom: 0.8rem;
}

.c3 {
  display: -webkit-box;
  display: -webkit-flex;
  display: -ms-flexbox;
  display: flex;
  background: #EAEAEA;
  border-radius: 0.2rem;
  padding: 0 1.6rem;
  border: 0.2rem solid;
  border-color: #e31963;
}

.c3:focus-within {
  box-shadow: 0 0 0.5rem #F231A5;
}

.c3 .c7 {
  -webkit-order: 2;
  -ms-flex-order: 2;
  order: 2;
}

.c3 .c4 {
  -webkit-order: 1;
  -ms-flex-order: 1;
  order: 1;
}

.c5 {
  display: -webkit-box;
  display: -webkit-flex;
  display: -ms-flexbox;
  display: flex;
  width: 2.2rem;
  color: #8F8F8F;
}

.c5 > svg {
  width: 100%;
}

.c9 {
  color: #e31963;
  margin-top: 0.8rem;
  font-size: 1.4rem;
}

.c0 .c1,
.c0 .c4 > svg {
  color: #e31963;
}

<div
  class="c0"
>
  <label
    class="c1 c2"
    for="TextField"
  >
    TextField
  </label>
  <div
    class="c3"
  >
    <div
      class="c4 c5"
    >
      <svg
        aria-hidden="true"
        class="c6"
        data-testid="icon"
        fill="currentColor"
        focusable="false"
        viewBox="0 0 24 24"
        xmlns="http://www.w3.org/2000/svg"
      >
        <path
          d="M0 0h24v24H0V0z"
          fill="none"
        />
        <path
          d="M22 6c0-1.1-.9-2-2-2H4c-1.1 0-2 .9-2 2v12c0 1.1.9 2 2 2h16c1.1 0 2-.9 2-2V6zm-2 0l-8 5-8-5h16zm0 12H4V8l8 5 8-5v10z"
        />
      </svg>
    </div>
    <input
      class="c7 c8"
      id="TextField"
      value=""
    />
  </div>
  <div
    class="c9"
  >
    Digite um e-mail valido!
  </div>
</div>
`;
